MPLINK 5.09, LINKER
Linker Map File - Created Fri Mar  6 08:02:15 2020

                                 Section Info
                  Section       Type    Address   Location Size(Bytes)
                ---------  ---------  ---------  ---------  ---------
                   .org_0       code   0x001000    program   0x000004
                   .cinit    romdata   0x001004    program   0x000002
                   .org_1       code   0x001008    program   0x000004
                   .org_2       code   0x001018    program   0x000004
                   .org_3       code   0x001020    program   0x000108
                   .org_4       code   0x003000    program   0x00004c



                              Program Memory Usage 
                               Start         End      
                           ---------   ---------      
                            0x001000    0x001005      
                            0x001008    0x00100b      
                            0x001018    0x00101b      
                            0x001020    0x001127      
                            0x003000    0x00304b      
            354 out of 33048 program addresses used, program memory utilization is 1%



                              Symbols - Sorted by Name
                     Name    Address   Location    Storage File                     
                ---------  ---------  ---------  --------- ---------                
                   action   0x0010e4    program     static /home/maxim/MPLABXProjects/EE5/BluepointTiny.X/main.asm
               can_action   0x001128    program     static /home/maxim/MPLABXProjects/EE5/BluepointTiny.X/main.asm
            can_interrupt   0x003036    program     static /home/maxim/MPLABXProjects/EE5/BluepointTiny.X/main.asm
          can_read_rxbuf0   0x001104    program     static /home/maxim/MPLABXProjects/EE5/BluepointTiny.X/main.asm
          can_read_rxbuf1   0x0010fc    program     static /home/maxim/MPLABXProjects/EE5/BluepointTiny.X/main.asm
        can_read_rxbuf_cb   0x003000    program     static /home/maxim/MPLABXProjects/EE5/BluepointTiny.X/main.asm
   can_read_rxbuf_cb_cont   0x003014    program     static /home/maxim/MPLABXProjects/EE5/BluepointTiny.X/main.asm
       can_spibufld_rxbuf   0x00110a    program     static /home/maxim/MPLABXProjects/EE5/BluepointTiny.X/main.asm
                config_hw   0x00107a    program     static /home/maxim/MPLABXProjects/EE5/BluepointTiny.X/main.asm
           fake_data_loop   0x0010d2    program     static /home/maxim/MPLABXProjects/EE5/BluepointTiny.X/main.asm
       generate_fake_data   0x0010ce    program     static /home/maxim/MPLABXProjects/EE5/BluepointTiny.X/main.asm
               inter_high   0x00301c    program     static /home/maxim/MPLABXProjects/EE5/BluepointTiny.X/main.asm
                inter_low   0x003048    program     static /home/maxim/MPLABXProjects/EE5/BluepointTiny.X/main.asm
               ioc_action   0x0010f0    program     static /home/maxim/MPLABXProjects/EE5/BluepointTiny.X/main.asm
            ioc_interrupt   0x00303c    program     static /home/maxim/MPLABXProjects/EE5/BluepointTiny.X/main.asm
                     main   0x0010de    program     static /home/maxim/MPLABXProjects/EE5/BluepointTiny.X/main.asm
        save_instructions   0x001020    program     static /home/maxim/MPLABXProjects/EE5/BluepointTiny.X/main.asm
               spi_action   0x00111c    program     static /home/maxim/MPLABXProjects/EE5/BluepointTiny.X/main.asm
            spi_interrupt   0x003030    program     static /home/maxim/MPLABXProjects/EE5/BluepointTiny.X/main.asm



                              Symbols - Sorted by Address
                     Name    Address   Location    Storage File                     
                ---------  ---------  ---------  --------- ---------                
        save_instructions   0x001020    program     static /home/maxim/MPLABXProjects/EE5/BluepointTiny.X/main.asm
                config_hw   0x00107a    program     static /home/maxim/MPLABXProjects/EE5/BluepointTiny.X/main.asm
       generate_fake_data   0x0010ce    program     static /home/maxim/MPLABXProjects/EE5/BluepointTiny.X/main.asm
           fake_data_loop   0x0010d2    program     static /home/maxim/MPLABXProjects/EE5/BluepointTiny.X/main.asm
                     main   0x0010de    program     static /home/maxim/MPLABXProjects/EE5/BluepointTiny.X/main.asm
                   action   0x0010e4    program     static /home/maxim/MPLABXProjects/EE5/BluepointTiny.X/main.asm
               ioc_action   0x0010f0    program     static /home/maxim/MPLABXProjects/EE5/BluepointTiny.X/main.asm
          can_read_rxbuf1   0x0010fc    program     static /home/maxim/MPLABXProjects/EE5/BluepointTiny.X/main.asm
          can_read_rxbuf0   0x001104    program     static /home/maxim/MPLABXProjects/EE5/BluepointTiny.X/main.asm
       can_spibufld_rxbuf   0x00110a    program     static /home/maxim/MPLABXProjects/EE5/BluepointTiny.X/main.asm
               spi_action   0x00111c    program     static /home/maxim/MPLABXProjects/EE5/BluepointTiny.X/main.asm
               can_action   0x001128    program     static /home/maxim/MPLABXProjects/EE5/BluepointTiny.X/main.asm
        can_read_rxbuf_cb   0x003000    program     static /home/maxim/MPLABXProjects/EE5/BluepointTiny.X/main.asm
   can_read_rxbuf_cb_cont   0x003014    program     static /home/maxim/MPLABXProjects/EE5/BluepointTiny.X/main.asm
               inter_high   0x00301c    program     static /home/maxim/MPLABXProjects/EE5/BluepointTiny.X/main.asm
            spi_interrupt   0x003030    program     static /home/maxim/MPLABXProjects/EE5/BluepointTiny.X/main.asm
            can_interrupt   0x003036    program     static /home/maxim/MPLABXProjects/EE5/BluepointTiny.X/main.asm
            ioc_interrupt   0x00303c    program     static /home/maxim/MPLABXProjects/EE5/BluepointTiny.X/main.asm
                inter_low   0x003048    program     static /home/maxim/MPLABXProjects/EE5/BluepointTiny.X/main.asm


